iter: 89:0               |ddm|:7.123848e-09               |Tr[DP]|:3.693286e-01
iter: 89:1               |ddm|:8.642967e-10               |Tr[DP]|:3.693286e-01

SUBSYS E
-1256.6841105341189
EMB E
11.330869391390687
PROJ E
0.36932856736790054
Subsystem 0 Energy:                                               -1244.98391258
SUBSYS E
-746.8745252025722
EMB E
-45.63476884553545
PROJ E
0.3693285673465232
Subsystem 1 Energy:                                                -496.22901257

********************************************************************************
TIMING: Freeze and Thaw                                               1169.6412s
KS-DFT  Energy:                                                   -1709.61811657
TIMING: Supersystem Energy                                               0.0000s
********************************************************************************
                             Env-in-Env Calculation
********************************************************************************
Env-in-Env Energy:                                                -1708.63146560
********************************************************************************
TIMING: Env. in Env. Energy                                              0.0026s
********************************************************************************
                           HL Subsystems Calculation
********************************************************************************
Overwritten attributes  get_fock energy_elec  of <class 'pyscf.scf.uhf.UHF'>
converged SCF energy = -1248.42737729225  <S^2> = 3.7536266  2S+1 = 4.0018129
