iter:200:0               |ddm|:4.037526e-05               |Tr[DP]|:3.693136e-01
iter:200:1               |ddm|:1.593444e-07               |Tr[DP]|:3.693148e-01


                         Freeze-and-Thaw NOT converged
SUBSYS E
-1256.6841412149984
EMB E
11.330629320379558
PROJ E
0.3693136430492786
Subsystem 0 Energy:                                               -1244.98419825
SUBSYS E
-746.8745340780857
EMB E
-45.63471445349339
PROJ E
0.36931480279381196
Subsystem 1 Energy:                                                -496.22898082

********************************************************************************
TIMING: Freeze and Thaw                                               2747.3484s
KS-DFT  Energy:                                                   -1709.61811657
TIMING: Supersystem Energy                                               0.0000s
********************************************************************************
                             Env-in-Env Calculation
********************************************************************************
Env-in-Env Energy:                                                -1708.63147983
********************************************************************************
TIMING: Env. in Env. Energy                                              0.0030s
********************************************************************************
                           HL Subsystems Calculation
********************************************************************************
Overwritten attributes  energy_elec get_fock  of <class 'pyscf.scf.uhf.UHF'>
converged SCF energy = -1248.42766659924  <S^2> = 3.7536265  2S+1 = 4.0018128
