
    -----------------------------------------------------------------------
          Psi4: An Open-Source Ab Initio Electronic Structure Package
                               Psi4 1.4rc4.dev1 

                         Git: Rev {embpot} b9232c2 dirty


    D. G. A. Smith, L. A. Burns, A. C. Simmonett, R. M. Parrish,
    M. C. Schieber, R. Galvelis, P. Kraus, H. Kruse, R. Di Remigio,
    A. Alenaizan, A. M. James, S. Lehtola, J. P. Misiewicz, M. Scheurer,
    R. A. Shaw, J. B. Schriber, Y. Xie, Z. L. Glick, D. A. Sirianni,
    J. S. O'Brien, J. M. Waldrop, A. Kumar, E. G. Hohenstein,
    B. P. Pritchard, B. R. Brooks, H. F. Schaefer III, A. Yu. Sokolov,
    K. Patkowski, A. E. DePrince III, U. Bozkaya, R. A. King,
    F. A. Evangelista, J. M. Turney, T. D. Crawford, C. D. Sherrill,
    J. Chem. Phys. 152(18) 184108 (2020). https://doi.org/10.1063/5.0006002

                            Additional Code Authors
    E. T. Seidl, C. L. Janssen, E. F. Valeev, M. L. Leininger,
    J. F. Gonthier, R. M. Richard, H. R. McAlexander, M. Saitow, X. Wang,
    P. Verma, and M. H. Lechner

             Previous Authors, Complete List of Code Contributors,
                       and Citations for Specific Modules
    https://github.com/psi4/psi4/blob/master/codemeta.json
    https://github.com/psi4/psi4/graphs/contributors
    http://psicode.org/psi4manual/master/introduction.html#citing-psifour

    -----------------------------------------------------------------------


    Psi4 started on: Monday, 16 August 2021 05:10PM

    Process ID: 654737
    Host:       ln0005
    PSIDATADIR: /home/goodpast/shared/Xuelan/psi4/psi4/objdir/stage/share/psi4
    Memory:     500.0 MiB
    Threads:    1
    
  ==> Input File <==

--------------------------------------------------------------------------
#! Psi4 input generated by QSoME
memory 2000 MB  # total memory not per thread memory for parallel jobs

molecule acrolein {
  0 1
# acrolein geometry from MD snapshots 
  H  0.0  0.0  0.0
H  0.0  0.0  1.0
  units angstrom # default in psi4
  symmetry c1    # no symmetry with embedding potential
  noreorient     # prevent reorienting molecules 
  nocom          # prevent recentering molecules 
}

set {
  roots_per_irrep [3]
  freeze_core false 
  df_basis_scf aug-cc-pvdz-jkfit
  df_basis_cc aug-cc-pvdz-ri
  scf_type df
  cc_type df
  #scf_type pk
  CC_NUM_THREADS 1
}

set cclambda {
  r_convergence 4
}

# EOM-CC3 can only calculate one root at a time
# The highest root is calculated by default
# use PROP_ROOT to assign the desired root
set cceom {
  r_convergence 3
  e_convergence 5
  PROP_ROOT 2 
}

basis {
# generated by PySCF 
spherical
****
H     0
S    3    1.00
   13.010000000        0.019685000 
    1.962000000        0.137977000 
    0.444600000        0.478148000 
S    1    1.00
    0.122000000        1.000000000 
P    1    1.00
    0.727000000        1.000000000 
****
}

energy('eom-cc3')
--------------------------------------------------------------------------

  Memory set to   1.863 GiB by Python driver.

Scratch directory: /scratch.global/wenxx207//

*** tstart() called on ln0005
*** at Mon Aug 16 17:10:49 2021

   => Loading Basis Set <=

    Name: ANONYMOUS203627B2
    Role: ORBITAL
    Keyword: BASIS
    atoms 1-2 entry H          line     5 inputblock anonymous203627b2 


         ---------------------------------------------------------
                                   SCF
               by Justin Turney, Rob Parrish, Andy Simmonett
                          and Daniel G. A. Smith
                              RHF Reference
                        1 Threads,   1907 MiB Core
         ---------------------------------------------------------

  ==> Geometry <==

    Molecular point group: c1
    Full point group: C_inf_v

    Geometry (in Angstrom), charge = 0, multiplicity = 1:

       Center              X                  Y                   Z               Mass       
    ------------   -----------------  -----------------  -----------------  -----------------
         H            0.000000000000     0.000000000000     0.000000000000     1.007825032230
         H            0.000000000000     0.000000000000     1.000000000000     1.007825032230

  Running in c1 symmetry.

  Rotational constants: A = ************  B =     16.72674  C =     16.72674 [cm^-1]
  Rotational constants: A = ************  B = 501455.10648  C = 501455.10648 [MHz]
  Nuclear repulsion =    0.529177210670000

  Charge       = 0
  Multiplicity = 1
  Electrons    = 2
  Nalpha       = 1
  Nbeta        = 1

  ==> Algorithm <==

  SCF Algorithm Type is DF.
  DIIS enabled.
  MOM disabled.
  Fractional occupation disabled.
  Guess Type is SAD.
  Energy threshold   = 1.00e-08
  Density threshold  = 1.00e-08
  Integral threshold = 1.00e-12

  ==> Primary Basis <==

  Basis Set: ANONYMOUS203627B2
    Blend: ANONYMOUS203627B2
    Number of shells: 6
    Number of basis functions: 10
    Number of Cartesian functions: 10
    Spherical Harmonics?: true
    Max angular momentum: 1

   => Loading Basis Set <=

    Name: AUG-CC-PVDZ-JKFIT
    Role: JKFIT
    Keyword: DF_BASIS_SCF
    atoms 1-2 entry H          line    70 file /home/goodpast/shared/Xuelan/psi4/psi4/objdir/stage/share/psi4/basis/aug-cc-pvdz-jkfit.gbs 

  ==> Integral Setup <==

  DFHelper Memory: AOs need 0.000 GiB; user supplied 1.397 GiB. Using in-core AOs.

  ==> MemDFJK: Density-Fitted J/K Matrices <==

    J tasked:                   Yes
    K tasked:                   Yes
    wK tasked:                   No
    OpenMP threads:               1
    Memory [MiB]:              1430
    Algorithm:                 Core
    Schwarz Cutoff:           1E-12
    Mask sparsity (%):       0.0000
    Fitting Condition:        1E-10

   => Auxiliary Basis Set <=

  Basis Set: AUG-CC-PVDZ-JKFIT
    Blend: AUG-CC-PVDZ-JKFIT
    Number of shells: 24
    Number of basis functions: 64
    Number of Cartesian functions: 70
    Spherical Harmonics?: true
    Max angular momentum: 2

 ===> Reading embedded core Hamiltonian <=== 

  Minimum eigenvalue in the overlap matrix is 1.1235676082E-01.
  Reciprocal condition number of the overlap matrix is 3.8775501553E-02.
    Using symmetric orthogonalization.

  ==> Pre-Iterations <==

  SCF Guess: Superposition of Atomic Densities via on-the-fly atomic UHF (no occupation information).

   -------------------------
    Irrep   Nso     Nmo    
   -------------------------
     A         10      10 
   -------------------------
    Total      10      10
   -------------------------

  ==> Iterations <==

                           Total Energy        Delta E     RMS |[F,P]|

   @DF-RHF iter SAD:     1.04696264155118    1.04696e+00   0.00000e+00 
   @DF-RHF iter   1:     0.84824781690972   -1.98715e-01   1.94817e-03 DIIS
   @DF-RHF iter   2:     0.84762091130257   -6.26906e-04   6.51740e-04 DIIS
   @DF-RHF iter   3:     0.84750971906483   -1.11192e-04   8.90486e-05 DIIS
   @DF-RHF iter   4:     0.84750705199754   -2.66707e-06   1.07767e-06 DIIS
   @DF-RHF iter   5:     0.84750705184457   -1.52977e-10   8.66433e-08 DIIS
   @DF-RHF iter   6:     0.84750705184354   -1.03073e-12   5.95443e-09 DIIS
  Energy and wave function converged.


  ==> Post-Iterations <==

    Orbital Energies [Eh]
    ---------------------

    Doubly Occupied:                                                      

       1A      0.388053  

    Virtual:                                                              

       2A      0.800734     3A      1.262148     4A      1.567202  
       5A      2.138356     6A      2.138356     7A      2.470705  
       8A      2.701612     9A      2.701612    10A      3.510131  

    Final Occupation by Irrep:
              A 
    DOCC [     1 ]

  @DF-RHF Final Energy:     0.84750705184354

   => Energetics <=

    Nuclear Repulsion Energy =              0.5291772106700000
    One-Electron Energy =                  -0.1394467969279573
    Two-Electron Energy =                   0.4577766381014941
    Total Energy =                          0.8475070518435368

Computation Completed


Properties will be evaluated at   0.000000,   0.000000,   0.000000 [a0]

Properties computed using the SCF density matrix

  Nuclear Dipole Moment: [e a0]
     X:     0.0000      Y:     0.0000      Z:     1.8897

  Electronic Dipole Moment: [e a0]
     X:     0.0000      Y:    -0.0000      Z:    -1.3841

  Dipole Moment: [e a0]
     X:     0.0000      Y:    -0.0000      Z:     0.5056     Total:     0.5056

  Dipole Moment: [D]
     X:     0.0000      Y:    -0.0000      Z:     1.2851     Total:     1.2851


*** tstop() called on ln0005 at Mon Aug 16 17:10:50 2021
Module time:
	user time   =       0.22 seconds =       0.00 minutes
	system time =       0.01 seconds =       0.00 minutes
	total time  =          1 seconds =       0.02 minutes
Total time:
	user time   =       0.22 seconds =       0.00 minutes
	system time =       0.01 seconds =       0.00 minutes
	total time  =          1 seconds =       0.02 minutes
   => Loading Basis Set <=

    Name: AUG-CC-PVDZ-RI
    Role: RIFIT
    Keyword: DF_BASIS_CC
    atoms 1-2 entry H          line    30 file /home/goodpast/shared/Xuelan/psi4/psi4/objdir/stage/share/psi4/basis/aug-cc-pvdz-ri.gbs 

 MINTS: Wrapper to libmints.
   by Justin Turney

   Calculation information:
      Number of threads:                 1
      Number of atoms:                   2
      Number of AO shells:               6
      Number of SO shells:               6
      Number of primitives:             10
      Number of atomic orbitals:        10
      Number of basis functions:        10

      Number of irreps:                  1
      Integral cutoff                 1.00e-12
      Number of functions per irrep: [  10 ]

 OEINTS: Overlap, kinetic, potential, dipole, and quadrupole integrals
         stored in file 35.

      Computing two-electron integrals...done
      Computed 512 non-zero two-electron integrals.
        Stored in file 33.


*** tstart() called on ln0005
*** at Mon Aug 16 17:10:51 2021


	Wfn Parameters:
	--------------------
	Wavefunction         = CC3
	Number of irreps     = 1
	Number of MOs        = 10
	Number of active MOs = 10
	AO-Basis             = NONE
	Semicanonical        = false
	Reference            = RHF
	Print Level          = 1

	IRREP	# MOs	# FZDC	# DOCC	# SOCC	# VIRT	# FZVR
	-----	-----	------	------	------	------	------
	 A	   10	    0	    1	    0	    9	    0
	Transforming integrals...
	IWL integrals will be deleted.
	(OO|OO)...
	Presorting SO-basis two-electron integrals.
	Sorting File: SO Ints (nn|nn) nbuckets = 1
	Constructing frozen core operators
	Starting first half-transformation.
	Sorting half-transformed integrals.
	First half integral transformation complete.
	Starting second half-transformation.
	Two-electron integral transformation complete.
	(OO|OV)...
	Starting second half-transformation.
	Two-electron integral transformation complete.
	(OO|VV)...
	Starting second half-transformation.
	Two-electron integral transformation complete.
	(OV|OO)...
	Starting first half-transformation.
	Sorting half-transformed integrals.
	First half integral transformation complete.
	Starting second half-transformation.
	Two-electron integral transformation complete.
	(OV|OV)...
	Starting second half-transformation.
	Two-electron integral transformation complete.
	(OV|VV)...
	Starting second half-transformation.
	Two-electron integral transformation complete.
	(VV|OO)...
	Starting first half-transformation.
	Sorting half-transformed integrals.
	First half integral transformation complete.
	Starting second half-transformation.
	Two-electron integral transformation complete.
	(VV|OV)...
	Starting second half-transformation.
	Two-electron integral transformation complete.
	(VV|VV)...
	Starting second half-transformation.
	Two-electron integral transformation complete.
	Frozen core energy     =      0.00000000000000

	Size of irrep 0 of <ab|cd> integrals:      0.007 (MW) /      0.052 (MB)
	Total:                                     0.007 (MW) /      0.052 (MB)

	Size of irrep 0 of <ia|bc> integrals:      0.001 (MW) /      0.006 (MB)
	Total:                                     0.001 (MW) /      0.006 (MB)

	Size of irrep 0 of tijab amplitudes:       0.000 (MW) /      0.001 (MB)
	Total:                                     0.000 (MW) /      0.001 (MB)

	Nuclear Rep. energy          =      0.52917721067000
	SCF energy                   =      0.84750705184354
	One-electron energy          =     -0.13944679901736
	Two-electron energy          =      0.45777699459802
	Reference energy             =      0.84750740625066

*** tstop() called on ln0005 at Mon Aug 16 17:10:57 2021
Module time:
	user time   =       0.02 seconds =       0.00 minutes
	system time =       0.11 seconds =       0.00 minutes
	total time  =          6 seconds =       0.10 minutes
Total time:
	user time   =       0.27 seconds =       0.00 minutes
	system time =       0.13 seconds =       0.00 minutes
	total time  =          8 seconds =       0.13 minutes
            **************************
            *                        *
            *        CCENERGY        *
            *                        *
            **************************

    Nuclear Rep. energy (wfn)     =    0.529177210670000
    SCF energy          (wfn)     =    0.847507051843537
    Reference energy    (file100) =    0.847507406250661

    Input parameters:
    -----------------
    Wave function   =     CC3
    Reference wfn   =     RHF
    Brueckner       =     No
    Memory (Mbytes) =     2000.0
    Maxiter         =     50
    R_Convergence   =     1.0e-07
    E_Convergence   =     1.0e-06
    Restart         =     Yes
    DIIS            =     Yes
    AO Basis        =     NONE
    ABCD            =     NEW
    Cache Level     =     2
    Cache Type      =     LOW
    Print Level     =     1
    Num. of threads =     1
    # Amps to Print =     10
    Print MP2 Amps? =     No
    Analyze T2 Amps =     No
    Print Pair Ener =     No
    Local CC        =     No
    T3 Ws incore    =     No
    SCS-MP2         =     False
    SCSN-MP2        =     False
    SCS-CCSD        =     False

  ==> DF Tensor (by Rob Parrish) <==

 => Primary Basis Set <= 

  Basis Set: ANONYMOUS203627B2
    Blend: ANONYMOUS203627B2
    Number of shells: 6
    Number of basis functions: 10
    Number of Cartesian functions: 10
    Spherical Harmonics?: true
    Max angular momentum: 1

 => Auxiliary Basis Set <= 

  Basis Set: AUG-CC-PVDZ-RI
    Blend: AUG-CC-PVDZ-RI
    Number of shells: 18
    Number of basis functions: 46
    Number of Cartesian functions: 50
    Spherical Harmonics?: true
    Max angular momentum: 2

MP2 correlation energy -0.0237133376276818
                Solving CC Amplitude Equations
                ------------------------------
  Iter             Energy              RMS        T1Diag      D1Diag    New D1Diag    D2Diag
  ----     ---------------------    ---------   ----------  ----------  ----------   --------
     0        -0.023713337627682    0.000e+00    0.000000    0.000000    0.000000    0.119710
     1        -0.029849261290624    4.872e-02    0.009592    0.013565    0.013565    0.163101
     2        -0.035149833910849    2.521e-02    0.018336    0.025931    0.025931    0.207825
     3        -0.035178703761534    3.376e-03    0.018098    0.025594    0.025594    0.210824
     4        -0.035231878117389    7.299e-04    0.018229    0.025780    0.025780    0.211646
     5        -0.035210918083166    2.273e-04    0.018245    0.025802    0.025802    0.211519
     6        -0.035213288178035    6.102e-05    0.018274    0.025844    0.025844    0.211546
     7        -0.035213155908472    1.037e-05    0.018277    0.025847    0.025847    0.211541
     8        -0.035213129541247    1.410e-06    0.018277    0.025848    0.025848    0.211540
     9        -0.035213168283845    3.149e-07    0.018278    0.025849    0.025849    0.211540
    10        -0.035213168004015    4.662e-08    0.018278    0.025849    0.025849    0.211540

    Iterations converged.


    Largest TIA Amplitudes:
              0   1         0.0215040807
              0   0        -0.0122382094
              0   5         0.0071233596
              0   2        -0.0020864491
              0   8        -0.0009254516

    Largest TIjAb Amplitudes:
      0   0   0   0        -0.1603719601
      0   0   1   1        -0.0703016259
      0   0   0   2        -0.0597174688
      0   0   2   0        -0.0597174688
      0   0   2   2        -0.0458541609
      0   0   0   1         0.0362314104
      0   0   1   0         0.0362314104
      0   0   3   3        -0.0269094615
      0   0   4   4        -0.0269094615
      0   0   5   5        -0.0123704297

    SCF energy       (wfn)                    =    0.847507051843537
    Reference energy (file100)                =    0.847507406250661

    Opposite-spin MP2 correlation energy      =   -0.023713337627682
    Same-spin MP2 correlation energy          =    0.000000000000000
    Singles MP2 correlation energy            =   -0.000000000000000
    MP2 correlation energy                    =   -0.023713337627682
      * MP2 total energy                      =    0.823794068622979
    CC3 correlation energy                    =   -0.035213168004015
      * CC3 total energy                      =    0.812294238246645


			**************************
			*                        *
			*         CCHBAR         *
			*                        *
			**************************

Dots of (HeT1)c in names "CC3 Wxxx" in CC3_HET1 
<WAmEf (Am,Ef) | WAmEf (Am,Ef)> =    0.4261502077
<WMnIe (Mn,Ie) | WMnIe (Mn,Ie)> =    0.0129169819
<WMnIj (Mn,Ij) | WMnIj (Mn,Ij)> =    0.2133160313
<WMbIj (Ij,Mb) | WMbIj (Ij,Mb)> =    0.0128022230
<WMbIj (Mb,Ij) | WMbIj (Mb,Ij)> =    0.0128022230
<WMbEj (ME,jb) | WMbEj (ME,jb)> =    0.0545016631
<WMbeJ (Me,Jb) | WMbeJ (Me,Jb)> =    2.1704290267
<WAbEi (Ie,bA) | WAbEi (Ie,bA)> =    0.4344375015

	**********************************************************
	*  CCEOM: An Equation of Motion Coupled Cluster Program  *
	**********************************************************

	Nuclear Rep. energy (wfn)     =    0.529177210670000
	SCF energy          (wfn)     =    0.847507051843537
	Reference energy    (file100) =    0.847507406250661
	CC3 energy          (file100) =   -0.035213168004015

	Input parameters:
	-----------------
	Reference wfn   =     RHF
	Reference EOM wfn=     RHF
	Memory (Mbytes) =  2000.0
	ABCD            =     NEW
	Cache Level     =    2
	Cache Type      =     LRU
	T3 Ws incore  =      No
	Num. of threads =     1
	Local CC        =     No


	CCEOM parameters:
	-----------------
	States sought per irrep     = A 3,
	Max. number of iterations   =    80
	Vectors stored per root     =    12
	Print HbarSS iterations?    =     0
	Excitation range for HBarSS =     2
	Eigenvalue tolerance        = 1.0e-05
	Eigenvalue toleranceSS      = 1.0e-06
	Residual vector tolerance   = 1.0e-03
	Residual vector toleranceSS = 1.0e-06
	Complex tolerance           = 1.0e-12
	Root for properties         =     2
	Sym of state for properties =      A
	Guess vectors taken from    = SINGLES
	Restart EOM CC3             = NO
	Collapse with last vector   = YES
	Root following for CC3 turned on.



Fae   dot Fae   total   47.1365776889
Fmi   dot Fmi   total    0.1259193605
Fme   dot Fme   total    0.0000135787
WMBIJ dot WMBIJ total    0.0000000000
Wmbij dot Wmbij total    0.0000000000
WMbIj dot WMbIj total    0.0109447361
WmBiJ dot WmBiJ total    0.0000000000
Symmetry of ground state: A
Symmetry of excited state: A
Symmetry of right eigenvector: A
Seeking states with multiplicity of 1
Obtaining initial guess from singles-singles block of Hbar...Done.

Iter=1    L=3     Root    EOM Energy     Delta E   Res. Norm    Conv?
                     1   0.2384604936   2.38e-01    1.80e-01      N
                     2   0.6473644085   6.47e-01    2.49e-01      N
                     3   0.9100800267   9.10e-01    3.09e-01      N
Iter=2    L=6     Root    EOM Energy     Delta E   Res. Norm    Conv?
                     1   0.2108350054  -2.76e-02    6.23e-02      N
                     2   0.4554491107  -1.92e-01    1.87e-01      N
                     3   0.5969139677  -3.13e-01    1.12e-01      N
Iter=3    L=9     Root    EOM Energy     Delta E   Res. Norm    Conv?
                     1   0.2080994721  -2.74e-03    1.19e-02      N
                     2   0.4137271811  -4.17e-02    5.47e-02      N
                     3   0.5860681006  -1.08e-02    3.87e-02      N
Iter=4    L=12    Root    EOM Energy     Delta E   Res. Norm    Conv?
                     1   0.2079795801  -1.20e-04    1.28e-03      N
                     2   0.4120752197  -1.65e-03    7.84e-03      N
                     3   0.5853330711  -7.35e-04    5.39e-03      N
Iter=5    L=15    Root    EOM Energy     Delta E   Res. Norm    Conv?
                     1   0.2079785930  -9.87e-07    1.13e-04      Y
                     2   0.4120384033  -3.68e-05    8.65e-04      N
                     3   0.5853336916   6.20e-07    6.29e-04      Y
Iter=6    L=16    Root    EOM Energy     Delta E   Res. Norm    Conv?
                     1   0.2079789531   3.60e-07    3.03e-05      Y
                     2   0.4120358863  -2.52e-06    6.73e-05      Y
                     3   0.5853377293   4.04e-06    4.12e-04      Y
Completed EOM_CCSD
Collapsing to only 3 vector(s).
Copying root 2 to CC3_MISC file.
Setting initial CC3 eigenvalue to    0.4120358863
Iter=1    L=3     Root    EOM Energy     Delta E   Res. Norm    Conv?
Overlaps of Rs with EOM CCSD eigenvector:
	 0      0.024659
	 1     -0.999926
	 2     -0.000000
follow_root returning: 1
                     2   0.4120358863   1.11e-16    6.73e-05      Y
Forcing one restart with sigma recomputation.
Collapsing to only 2 vector(s).
Change in CC3 energy from last iterated value    0.4120358863
Setting old CC3 eigenvalue to    0.4120358863
Iter=2    L=2     Root    EOM Energy     Delta E   Res. Norm    Conv?
Overlaps of Rs with EOM CCSD eigenvector:
	 0     -0.024659
	 1      0.999926
follow_root returning: 1
                     2   0.4120358863  -3.89e-16    6.73e-05      Y
Collapsing to only 2 vector(s).
Copying root 2 to start of PSIF_EOM_Cxxx files.
Change in CC3 energy from last iterated value   -0.0000000000

Procedure converged for 1 root(s).
EOM CC3 R0 for root 0 =   0.15807323246

Final Energetic Summary for Converged Roots of Irrep A
                     Excitation Energy              Total Energy
                (eV)     (cm^-1)     (au)             (au)
EOM State 1     11.212    90431.4   0.4120358863     1.224330124571

Largest components of excited wave function #1:
 RIA (libdpd indices) : (cscf notation)
         0 >   0      :        1a >     2a :   -0.0763703038
         0 >   5      :        1a >     7a :   -0.0361166627
         0 >   2      :        1a >     4a :    0.0355228300
         0 >   1      :        1a >     3a :    0.0348621979
         0 >   8      :        1a >    10a :    0.0025692819
 RIjAb (libdpd indices)     : (cscf notation)
        0   0 >   0   0     :     1a     1a >     2a     2a :    0.9548069521
        0   0 >   0   2     :     1a     1a >     2a     4a :    0.1066903952
        0   0 >   2   0     :     1a     1a >     4a     2a :    0.1066903952
        0   0 >   0   1     :     1a     1a >     2a     3a :   -0.0926588661
        0   0 >   1   0     :     1a     1a >     3a     2a :   -0.0926588661

	Total # of sigma evaluations: 21

    Psi4 stopped on: Monday, 16 August 2021 05:11PM
    Psi4 wall time for execution: 0:00:20.22

*** Psi4 exiting successfully. Buy a developer a beer!
